I'm sorry, but errors were detected in your script. Please correct the
errors listed below, and try again.


File "game/evts_generaux/rien.rpy", line 47: expected an indented block
        if saison == temps.Date.AUTOMNE:
          ^
    

Ren'Py Version: Ren'Py 7.4.11.2266
Thu May 19 21:28:55 2022
